Analyzing countries_app...

  error - lib\core\network\cache_interceptor.dart:13:10 - Undefined class 'Interceptor'. Try changing the name to the name of an existing class, or creating a class with the name 'Interceptor'. - undefined_class
  error - lib\core\network\cache_interceptor.dart:18:10 - Undefined class 'Options'. Try changing the name to the name of an existing class, or creating a class with the name 'Options'. - undefined_class
  error - lib\features\countries_car\data\datasources\remote\country_api_service.dart:53:10 - The name 'DioException' isn't a type and can't be used in an on-catch clause. Try correcting the name to match an existing class. - non_type_in_catch_clause
  error - lib\features\countries_car\data\models\country_details_model.dart:4:6 - Target of URI hasn't been generated: 'package:countries_app/features/countries_car/data/models/country_details_model.g.dart'. Try running the generator that will generate the file referenced by the URI. - uri_has_not_been_generated
  error - lib\features\countries_car\data\models\country_details_model.dart:70:36 - The method '_$CountryDetailsModelToJson' isn't defined for the type 'CountryDetailsModel'. Try correcting the name to the name of an existing method, or defining a method named '_$CountryDetailsModelToJson'. - undefined_method
  error - lib\features\countries_car\data\models\country_summary_model.dart:4:6 - Target of URI hasn't been generated: 'package:countries_app/features/countries_car/data/models/country_summary_model.g.dart'. Try running the generator that will generate the file referenced by the URI. - uri_has_not_been_generated
  error - lib\features\countries_car\data\models\country_summary_model.dart:45:36 - The method '_$CountrySummaryModelToJson' isn't defined for the type 'CountrySummaryModel'. Try correcting the name to the name of an existing method, or defining a method named '_$CountrySummaryModelToJson'. - undefined_method
  error - test\widget_test.dart:16:35 - The name 'MyApp' isn't a class. Try correcting the name to match an existing class. - creation_with_non_type
warning - lib\features\countries_car\data\datasources\remote\country_api_service.dart:7:8 - Unused import: 'package:dio/dio.dart'. Try removing the import directive. - unused_import
warning - lib\features\countries_car\data\repositories\country_repository_impl.dart:1:8 - Unused import: '../../../../core/error/exceptions.dart'. Try removing the import directive. - unused_import

10 issues found.
